// Jest Snapshot v1, https://goo.gl/fbAQLP

exports[`renders correctly 1`] = `
<div
  className="calcWrapper"
>
  <h2>
    Let\`s do some math!
  </h2>
  <div
    className="container"
  >
    <div
      className="calc-grid"
    >
      <div
        className="output"
        data-testid="screen-output"
      >
          
      </div>
      <div
        aria-hidden={true}
        className="input"
        onClick={[Function]}
      >
        <button
          type="button"
        >
          AC
        </button>
        <button
          type="button"
        >
          +/-
        </button>
        <button
          type="button"
        >
          %
        </button>
        <button
          className="orange"
          type="button"
        >
          รท
        </button>
        <button
          type="button"
        >
          7
        </button>
        <button
          type="button"
        >
          8
        </button>
        <button
          type="button"
        >
          9
        </button>
        <button
          className="orange"
          type="button"
        >
          x
        </button>
        <button
          type="button"
        >
          4
        </button>
        <button
          type="button"
        >
          5
        </button>
        <button
          type="button"
        >
          6
        </button>
        <button
          className="orange"
          type="button"
        >
          -
        </button>
        <button
          type="button"
        >
          1
        </button>
        <button
          type="button"
        >
          2
        </button>
        <button
          type="button"
        >
          3
        </button>
        <button
          className="orange"
          type="button"
        >
          +
        </button>
        <button
          className="span-two"
          type="button"
        >
          0
        </button>
        <button
          type="button"
        >
          .
        </button>
        <button
          className="orange"
          type="button"
        >
          =
        </button>
      </div>
    </div>
  </div>
</div>
`;
